// Jest Snapshot v1, https://goo.gl/fbAQLP

exports[`<TxInfoInputOutputHashes/> renders correctly 1`] = `
<div
  className="tile is-ancestor"
>
  <div
    className="tile is-parent"
  >
    <article
      className="tile is-child box has-text-left"
    >
      <p
        className="is-size-4 has-text-weight-medium"
      >
        Inputs Address List (
        0
        )
      </p>
    </article>
  </div>
  <div
    className="tile is-parent"
  >
    <article
      className="tile is-child box has-text-left"
    >
      <p
        className="is-size-4 has-text-weight-medium"
      >
        Outputs Address List (
        0
        )
      </p>
    </article>
  </div>
</div>
`;
