// Jest Snapshot v1, https://goo.gl/fbAQLP

exports[`<TxnDisplay/> renders correctly 1`] = `
<p>
  transaction: 
  <a
    className="content"
    onClick={[Function]}
  >
    
  </a>
</p>
`;
