// Jest Snapshot v1, https://goo.gl/fbAQLP

exports[`<BlockInfo/> renders correctly 1`] = `
Array [
  <div
    className="tile is-ancestor"
  >
    <div
      className="tile is-parent"
    >
      <article
        className="tile is-child box has-text-left"
      >
        <p
          className="is-size-4 has-text-weight-medium"
        >
          Height
        </p>
        <div
          className="content"
        >
          0
        </div>
      </article>
    </div>
    <div
      className="tile is-parent"
    >
      <article
        className="tile is-child box has-text-left"
      >
        <p
          className="is-size-4 has-text-weight-medium"
        >
          Version
        </p>
        <div
          className="content"
        >
          0
        </div>
      </article>
    </div>
    <div
      className="tile is-parent"
    >
      <article
        className="tile is-child box has-text-left"
      >
        <p
          className="is-size-4 has-text-weight-medium"
        >
          Difficulty
        </p>
        <div
          className="content"
        >
          0
        </div>
      </article>
    </div>
    <div
      className="tile is-parent"
    >
      <article
        className="tile is-child box has-text-left"
      >
        <p
          className="is-size-4 has-text-weight-medium"
        >
          Timestamp
        </p>
        <div
          className="content"
        >
          0
        </div>
      </article>
    </div>
    <div
      className="tile is-parent"
    >
      <article
        className="tile is-child box has-text-left"
      >
        <p
          className="is-size-4 has-text-weight-medium"
        >
          Bits
        </p>
        <div
          className="content"
        >
          0
        </div>
      </article>
    </div>
  </div>,
  <div
    className="tile is-ancestor"
  >
    <div
      className="tile is-parent"
    >
      <article
        className="tile is-child box has-text-left"
      >
        <p
          className="is-size-4 has-text-weight-medium"
        >
          Nonce
        </p>
        <div
          className="content"
        >
          0
        </div>
      </article>
    </div>
    <div
      className="tile is-parent"
    >
      <article
        className="tile is-child box has-text-left"
      >
        <p
          className="is-size-4 has-text-weight-medium"
        >
          Confirmations
        </p>
        <div
          className="content"
        >
          0
        </div>
      </article>
    </div>
    <div
      className="tile is-parent"
    >
      <article
        className="tile is-child box has-text-left"
      >
        <p
          className="is-size-4 has-text-weight-medium"
        >
          Size
        </p>
        <div
          className="content"
        >
          0
        </div>
      </article>
    </div>
    <div
      className="tile is-parent"
    >
      <article
        className="tile is-child box has-text-left"
      >
        <p
          className="is-size-4 has-text-weight-medium"
        >
          Median Time
        </p>
        <div
          className="content"
        >
          0
        </div>
      </article>
    </div>
    <div
      className="tile is-parent"
    >
      <article
        className="tile is-child box has-text-left"
      >
        <p
          className="is-size-4 has-text-weight-medium"
        >
          Total Transactions
        </p>
        <div
          className="content"
        >
          0
        </div>
      </article>
    </div>
  </div>,
]
`;
